AR sumt behavioral E:/UNAM_IngComputacion/5to_Semestre/DisenoSistemasDigitales/Laboratorio/DSD_Practica5/P5/sumT.vhd sub00/vhpl03 1458691755
EN sumt NULL E:/UNAM_IngComputacion/5to_Semestre/DisenoSistemasDigitales/Laboratorio/DSD_Practica5/P5/sumT.vhd sub00/vhpl02 1458691754
EN p5 NULL E:/UNAM_IngComputacion/5to_Semestre/DisenoSistemasDigitales/Laboratorio/DSD_Practica5/P5/p5.vhd sub00/vhpl00 1458695120
AR p5 behavioral E:/UNAM_IngComputacion/5to_Semestre/DisenoSistemasDigitales/Laboratorio/DSD_Practica5/P5/p5.vhd sub00/vhpl01 1458695121
