V3 17
FL E:/UNAM_IngComputacion/5to_Semestre/DisenoSistemasDigitales/Laboratorio/DSD_Practica5/SumadorCompleto/SumadorCompleto.vhd 2016/03/22.21:02:32 I.34
EN isim_temp/SumadorCompleto 1459566016 \
      FL E:/UNAM_IngComputacion/5to_Semestre/DisenoSistemasDigitales/Laboratorio/DSD_Practica5/SumadorCompleto/SumadorCompleto.vhd \
      PB ieee/std_logic_1164 1156038724 PB ieee/std_logic_arith 1156038726 \
      PB ieee/STD_LOGIC_UNSIGNED 1156038732
AR isim_temp/SumadorCompleto/Behavioral 1459566017 \
      FL E:/UNAM_IngComputacion/5to_Semestre/DisenoSistemasDigitales/Laboratorio/DSD_Practica5/SumadorCompleto/SumadorCompleto.vhd \
      EN isim_temp/SumadorCompleto 1459566016
FL E:/UNAM_IngComputacion/5to_Semestre/DisenoSistemasDigitales/Laboratorio/DSD_Practica5/SumadorCompleto/Display.vhd 2016/04/02.00:24:36 I.34
EN isim_temp/Display 1459578888 \
      FL E:/UNAM_IngComputacion/5to_Semestre/DisenoSistemasDigitales/Laboratorio/DSD_Practica5/SumadorCompleto/Display.vhd \
      PB ieee/std_logic_1164 1156038724
AR isim_temp/Display/Behavioral 1459578889 \
      FL E:/UNAM_IngComputacion/5to_Semestre/DisenoSistemasDigitales/Laboratorio/DSD_Practica5/SumadorCompleto/Display.vhd \
      EN isim_temp/Display 1459578888
FL E:/UNAM_IngComputacion/5to_Semestre/DisenoSistemasDigitales/Laboratorio/DSD_Practica5/SumadorCompleto/UnidadAritmetica.vhd 2016/04/01.20:57:52 I.34
EN isim_temp/UnidadAritmetica 1459566018 \
      FL E:/UNAM_IngComputacion/5to_Semestre/DisenoSistemasDigitales/Laboratorio/DSD_Practica5/SumadorCompleto/UnidadAritmetica.vhd \
      PB ieee/std_logic_1164 1156038724 PB ieee/std_logic_arith 1156038726 \
      PB ieee/STD_LOGIC_UNSIGNED 1156038732
AR isim_temp/UnidadAritmetica/Behavioral 1459566019 \
      FL E:/UNAM_IngComputacion/5to_Semestre/DisenoSistemasDigitales/Laboratorio/DSD_Practica5/SumadorCompleto/UnidadAritmetica.vhd \
      EN isim_temp/UnidadAritmetica 1459566018 CP SumadorParalelo \
      CP SumadorCompleto
FL E:/UNAM_IngComputacion/5to_Semestre/DisenoSistemasDigitales/Laboratorio/DSD_Practica5/SumadorCompleto/SumadorParalelo.vhd 2016/04/01.20:49:11 I.34
EN isim_temp/SumadorParalelo 1459566014 \
      FL E:/UNAM_IngComputacion/5to_Semestre/DisenoSistemasDigitales/Laboratorio/DSD_Practica5/SumadorCompleto/SumadorParalelo.vhd \
      PB ieee/std_logic_1164 1156038724 PB ieee/std_logic_arith 1156038726 \
      PB ieee/STD_LOGIC_UNSIGNED 1156038732
AR isim_temp/SumadorParalelo/Behavioral 1459566015 \
      FL E:/UNAM_IngComputacion/5to_Semestre/DisenoSistemasDigitales/Laboratorio/DSD_Practica5/SumadorCompleto/SumadorParalelo.vhd \
      EN isim_temp/SumadorParalelo 1459566014
FL E:/UNAM_IngComputacion/5to_Semestre/DisenoSistemasDigitales/Laboratorio/DSD_Practica5/SumadorCompleto/Deco.vhd 2016/04/02.00:04:31 I.34
EN isim_temp/Deco 1459578894 \
      FL E:/UNAM_IngComputacion/5to_Semestre/DisenoSistemasDigitales/Laboratorio/DSD_Practica5/SumadorCompleto/Deco.vhd \
      PB ieee/std_logic_1164 1156038724 PB ieee/std_logic_arith 1156038726 \
      PB ieee/STD_LOGIC_UNSIGNED 1156038732
AR isim_temp/Deco/Behavioral 1459578895 \
      FL E:/UNAM_IngComputacion/5to_Semestre/DisenoSistemasDigitales/Laboratorio/DSD_Practica5/SumadorCompleto/Deco.vhd \
      EN isim_temp/Deco 1459578894
