--------------------------------------------------------------------------------
Release 8.2.03i Trace 
Copyright (c) 1995-2006 Xilinx, Inc.  All rights reserved.

C:\Xilinx\8.2i\bin\nt\trce.exe -ise
E:/UNAM_IngComputacion/5to_Semestre/DisenoSistemasDigitales/Laboratorio/DSD_Practica5/SumadorCompleto/SumadorCompleto.ise
-intstyle ise -e 3 -l 3 -s 5 -xml UnidadAritmetica UnidadAritmetica.ncd -o
UnidadAritmetica.twr UnidadAritmetica.pcf -ucf UnidadAritmetica.ucf

Design file:              unidadaritmetica.ncd
Physical constraint file: unidadaritmetica.pcf
Device,speed:             xc3s200,-5 (PRODUCTION 1.39 2006-08-18)
Report level:             error report

Environment Variable      Effect 
--------------------      ------ 
NONE                      No environment variables were set
--------------------------------------------------------------------------------

INFO:Timing:2698 - No timing constraints found, doing default enumeration.
INFO:Timing:2752 - To get complete path coverage, use the unconstrained paths 
   option. All paths that are not constrained will be reported in the 
   unconstrained paths section(s) of the report.



Data Sheet report:
-----------------
All values displayed in nanoseconds (ns)

Clock Cin to Pad
------------+------------+------------------+--------+
            | clk (edge) |                  | Clock  |
Destination |   to PAD   |Internal Clock(s) | Phase  |
------------+------------+------------------+--------+
R<0>        |   12.763(F)|FC1/_not0002      |   0.000|
R<1>        |   12.321(F)|FC1/_not0002      |   0.000|
R<2>        |   12.372(F)|FC1/_not0002      |   0.000|
R<3>        |   12.763(F)|FC1/_not0002      |   0.000|
R<4>        |   12.760(F)|FC1/_not0002      |   0.000|
R<5>        |   12.321(F)|FC1/_not0002      |   0.000|
R<6>        |   12.377(F)|FC1/_not0002      |   0.000|
R<7>        |   12.360(F)|FC1/_not0002      |   0.000|
------------+------------+------------------+--------+

Clock E to Pad
------------+------------+------------------+--------+
            | clk (edge) |                  | Clock  |
Destination |   to PAD   |Internal Clock(s) | Phase  |
------------+------------+------------------+--------+
R<0>        |    9.579(F)|FC1/_not0002      |   0.000|
R<1>        |    9.137(F)|FC1/_not0002      |   0.000|
R<2>        |    9.188(F)|FC1/_not0002      |   0.000|
R<3>        |    9.579(F)|FC1/_not0002      |   0.000|
R<4>        |    9.576(F)|FC1/_not0002      |   0.000|
R<5>        |    9.137(F)|FC1/_not0002      |   0.000|
R<6>        |    9.193(F)|FC1/_not0002      |   0.000|
R<7>        |    9.176(F)|FC1/_not0002      |   0.000|
------------+------------+------------------+--------+

Clock PA<0> to Pad
------------+------------+------------------+--------+
            | clk (edge) |                  | Clock  |
Destination |   to PAD   |Internal Clock(s) | Phase  |
------------+------------+------------------+--------+
R<0>        |   12.935(F)|FC1/_not0002      |   0.000|
R<1>        |   12.493(F)|FC1/_not0002      |   0.000|
R<2>        |   12.544(F)|FC1/_not0002      |   0.000|
R<3>        |   12.935(F)|FC1/_not0002      |   0.000|
R<4>        |   12.932(F)|FC1/_not0002      |   0.000|
R<5>        |   12.493(F)|FC1/_not0002      |   0.000|
R<6>        |   12.549(F)|FC1/_not0002      |   0.000|
R<7>        |   12.532(F)|FC1/_not0002      |   0.000|
------------+------------+------------------+--------+

Clock PA<1> to Pad
------------+------------+------------------+--------+
            | clk (edge) |                  | Clock  |
Destination |   to PAD   |Internal Clock(s) | Phase  |
------------+------------+------------------+--------+
R<0>        |   12.112(F)|FC1/_not0002      |   0.000|
R<1>        |   11.670(F)|FC1/_not0002      |   0.000|
R<2>        |   11.721(F)|FC1/_not0002      |   0.000|
R<3>        |   12.112(F)|FC1/_not0002      |   0.000|
R<4>        |   12.109(F)|FC1/_not0002      |   0.000|
R<5>        |   11.670(F)|FC1/_not0002      |   0.000|
R<6>        |   11.726(F)|FC1/_not0002      |   0.000|
R<7>        |   11.709(F)|FC1/_not0002      |   0.000|
------------+------------+------------------+--------+

Clock PA<2> to Pad
------------+------------+------------------+--------+
            | clk (edge) |                  | Clock  |
Destination |   to PAD   |Internal Clock(s) | Phase  |
------------+------------+------------------+--------+
R<0>        |   11.551(F)|FC1/_not0002      |   0.000|
R<1>        |   11.109(F)|FC1/_not0002      |   0.000|
R<2>        |   11.160(F)|FC1/_not0002      |   0.000|
R<3>        |   11.551(F)|FC1/_not0002      |   0.000|
R<4>        |   11.548(F)|FC1/_not0002      |   0.000|
R<5>        |   11.109(F)|FC1/_not0002      |   0.000|
R<6>        |   11.165(F)|FC1/_not0002      |   0.000|
R<7>        |   11.148(F)|FC1/_not0002      |   0.000|
------------+------------+------------------+--------+

Clock PA<3> to Pad
------------+------------+------------------+--------+
            | clk (edge) |                  | Clock  |
Destination |   to PAD   |Internal Clock(s) | Phase  |
------------+------------+------------------+--------+
R<0>        |   10.360(F)|FC1/_not0002      |   0.000|
R<1>        |    9.918(F)|FC1/_not0002      |   0.000|
R<2>        |    9.969(F)|FC1/_not0002      |   0.000|
R<3>        |   10.360(F)|FC1/_not0002      |   0.000|
R<4>        |   10.357(F)|FC1/_not0002      |   0.000|
R<5>        |    9.918(F)|FC1/_not0002      |   0.000|
R<6>        |    9.974(F)|FC1/_not0002      |   0.000|
R<7>        |    9.957(F)|FC1/_not0002      |   0.000|
------------+------------+------------------+--------+

Clock PB<0> to Pad
------------+------------+------------------+--------+
            | clk (edge) |                  | Clock  |
Destination |   to PAD   |Internal Clock(s) | Phase  |
------------+------------+------------------+--------+
R<0>        |   12.649(F)|FC1/_not0002      |   0.000|
R<1>        |   12.207(F)|FC1/_not0002      |   0.000|
R<2>        |   12.258(F)|FC1/_not0002      |   0.000|
R<3>        |   12.649(F)|FC1/_not0002      |   0.000|
R<4>        |   12.646(F)|FC1/_not0002      |   0.000|
R<5>        |   12.207(F)|FC1/_not0002      |   0.000|
R<6>        |   12.263(F)|FC1/_not0002      |   0.000|
R<7>        |   12.246(F)|FC1/_not0002      |   0.000|
------------+------------+------------------+--------+

Clock PB<1> to Pad
------------+------------+------------------+--------+
            | clk (edge) |                  | Clock  |
Destination |   to PAD   |Internal Clock(s) | Phase  |
------------+------------+------------------+--------+
R<0>        |   12.675(F)|FC1/_not0002      |   0.000|
R<1>        |   12.233(F)|FC1/_not0002      |   0.000|
R<2>        |   12.284(F)|FC1/_not0002      |   0.000|
R<3>        |   12.675(F)|FC1/_not0002      |   0.000|
R<4>        |   12.672(F)|FC1/_not0002      |   0.000|
R<5>        |   12.233(F)|FC1/_not0002      |   0.000|
R<6>        |   12.289(F)|FC1/_not0002      |   0.000|
R<7>        |   12.272(F)|FC1/_not0002      |   0.000|
------------+------------+------------------+--------+

Clock PB<2> to Pad
------------+------------+------------------+--------+
            | clk (edge) |                  | Clock  |
Destination |   to PAD   |Internal Clock(s) | Phase  |
------------+------------+------------------+--------+
R<0>        |   11.625(F)|FC1/_not0002      |   0.000|
R<1>        |   11.183(F)|FC1/_not0002      |   0.000|
R<2>        |   11.234(F)|FC1/_not0002      |   0.000|
R<3>        |   11.625(F)|FC1/_not0002      |   0.000|
R<4>        |   11.622(F)|FC1/_not0002      |   0.000|
R<5>        |   11.183(F)|FC1/_not0002      |   0.000|
R<6>        |   11.239(F)|FC1/_not0002      |   0.000|
R<7>        |   11.222(F)|FC1/_not0002      |   0.000|
------------+------------+------------------+--------+

Clock PB<3> to Pad
------------+------------+------------------+--------+
            | clk (edge) |                  | Clock  |
Destination |   to PAD   |Internal Clock(s) | Phase  |
------------+------------+------------------+--------+
R<0>        |   10.512(F)|FC1/_not0002      |   0.000|
R<1>        |   10.070(F)|FC1/_not0002      |   0.000|
R<2>        |   10.121(F)|FC1/_not0002      |   0.000|
R<3>        |   10.512(F)|FC1/_not0002      |   0.000|
R<4>        |   10.509(F)|FC1/_not0002      |   0.000|
R<5>        |   10.070(F)|FC1/_not0002      |   0.000|
R<6>        |   10.126(F)|FC1/_not0002      |   0.000|
R<7>        |   10.109(F)|FC1/_not0002      |   0.000|
------------+------------+------------------+--------+

Clock SL<0> to Pad
------------+------------+------------------+--------+
            | clk (edge) |                  | Clock  |
Destination |   to PAD   |Internal Clock(s) | Phase  |
------------+------------+------------------+--------+
R<0>        |   13.309(F)|FC1/_not0002      |   0.000|
R<1>        |   12.867(F)|FC1/_not0002      |   0.000|
R<2>        |   12.918(F)|FC1/_not0002      |   0.000|
R<3>        |   13.309(F)|FC1/_not0002      |   0.000|
R<4>        |   13.306(F)|FC1/_not0002      |   0.000|
R<5>        |   12.867(F)|FC1/_not0002      |   0.000|
R<6>        |   12.923(F)|FC1/_not0002      |   0.000|
R<7>        |   12.906(F)|FC1/_not0002      |   0.000|
------------+------------+------------------+--------+

Clock SL<1> to Pad
------------+------------+------------------+--------+
            | clk (edge) |                  | Clock  |
Destination |   to PAD   |Internal Clock(s) | Phase  |
------------+------------+------------------+--------+
R<0>        |   13.163(F)|FC1/_not0002      |   0.000|
R<1>        |   12.721(F)|FC1/_not0002      |   0.000|
R<2>        |   12.772(F)|FC1/_not0002      |   0.000|
R<3>        |   13.163(F)|FC1/_not0002      |   0.000|
R<4>        |   13.160(F)|FC1/_not0002      |   0.000|
R<5>        |   12.721(F)|FC1/_not0002      |   0.000|
R<6>        |   12.777(F)|FC1/_not0002      |   0.000|
R<7>        |   12.760(F)|FC1/_not0002      |   0.000|
------------+------------+------------------+--------+

Clock to Setup on destination clock Cin
---------------+---------+---------+---------+---------+
               | Src:Rise| Src:Fall| Src:Rise| Src:Fall|
Source Clock   |Dest:Rise|Dest:Rise|Dest:Fall|Dest:Fall|
---------------+---------+---------+---------+---------+
Cin            |         |         |    2.445|    2.445|
E              |         |         |   -0.564|   -0.564|
PA<0>          |         |         |    2.617|    2.617|
PA<1>          |         |         |    1.794|    1.794|
PA<2>          |         |         |    1.233|    1.233|
PA<3>          |         |         |    0.042|    0.042|
PB<0>          |         |         |    2.331|    2.331|
PB<1>          |         |         |    2.357|    2.357|
PB<2>          |         |         |    1.307|    1.307|
PB<3>          |         |         |    0.194|    0.194|
SL<0>          |         |         |    2.991|    2.991|
SL<1>          |         |         |    2.845|    2.845|
---------------+---------+---------+---------+---------+

Clock to Setup on destination clock E
---------------+---------+---------+---------+---------+
               | Src:Rise| Src:Fall| Src:Rise| Src:Fall|
Source Clock   |Dest:Rise|Dest:Rise|Dest:Fall|Dest:Fall|
---------------+---------+---------+---------+---------+
Cin            |         |         |    3.697|    3.697|
E              |         |         |    0.688|    0.688|
PA<0>          |         |         |    3.869|    3.869|
PA<1>          |         |         |    3.046|    3.046|
PA<2>          |         |         |    2.485|    2.485|
PA<3>          |         |         |    1.294|    1.294|
PB<0>          |         |         |    3.583|    3.583|
PB<1>          |         |         |    3.609|    3.609|
PB<2>          |         |         |    2.559|    2.559|
PB<3>          |         |         |    1.446|    1.446|
SL<0>          |         |         |    4.243|    4.243|
SL<1>          |         |         |    4.097|    4.097|
---------------+---------+---------+---------+---------+

Clock to Setup on destination clock PA<0>
---------------+---------+---------+---------+---------+
               | Src:Rise| Src:Fall| Src:Rise| Src:Fall|
Source Clock   |Dest:Rise|Dest:Rise|Dest:Fall|Dest:Fall|
---------------+---------+---------+---------+---------+
Cin            |         |         |    2.307|    2.307|
E              |         |         |   -0.702|   -0.702|
PA<0>          |         |         |    2.479|    2.479|
PA<1>          |         |         |    1.656|    1.656|
PA<2>          |         |         |    1.095|    1.095|
PA<3>          |         |         |   -0.096|   -0.096|
PB<0>          |         |         |    2.193|    2.193|
PB<1>          |         |         |    2.219|    2.219|
PB<2>          |         |         |    1.169|    1.169|
PB<3>          |         |         |    0.056|    0.056|
SL<0>          |         |         |    2.853|    2.853|
SL<1>          |         |         |    2.707|    2.707|
---------------+---------+---------+---------+---------+

Clock to Setup on destination clock PA<1>
---------------+---------+---------+---------+---------+
               | Src:Rise| Src:Fall| Src:Rise| Src:Fall|
Source Clock   |Dest:Rise|Dest:Rise|Dest:Fall|Dest:Fall|
---------------+---------+---------+---------+---------+
Cin            |         |         |    2.878|    2.878|
E              |         |         |   -0.131|   -0.131|
PA<0>          |         |         |    3.050|    3.050|
PA<1>          |         |         |    2.227|    2.227|
PA<2>          |         |         |    1.666|    1.666|
PA<3>          |         |         |    0.475|    0.475|
PB<0>          |         |         |    2.764|    2.764|
PB<1>          |         |         |    2.790|    2.790|
PB<2>          |         |         |    1.740|    1.740|
PB<3>          |         |         |    0.627|    0.627|
SL<0>          |         |         |    3.424|    3.424|
SL<1>          |         |         |    3.278|    3.278|
---------------+---------+---------+---------+---------+

Clock to Setup on destination clock PA<2>
---------------+---------+---------+---------+---------+
               | Src:Rise| Src:Fall| Src:Rise| Src:Fall|
Source Clock   |Dest:Rise|Dest:Rise|Dest:Fall|Dest:Fall|
---------------+---------+---------+---------+---------+
Cin            |         |         |    3.175|    3.175|
E              |         |         |    0.166|    0.166|
PA<0>          |         |         |    3.347|    3.347|
PA<1>          |         |         |    2.524|    2.524|
PA<2>          |         |         |    1.963|    1.963|
PA<3>          |         |         |    0.772|    0.772|
PB<0>          |         |         |    3.061|    3.061|
PB<1>          |         |         |    3.087|    3.087|
PB<2>          |         |         |    2.037|    2.037|
PB<3>          |         |         |    0.924|    0.924|
SL<0>          |         |         |    3.721|    3.721|
SL<1>          |         |         |    3.575|    3.575|
---------------+---------+---------+---------+---------+

Clock to Setup on destination clock PA<3>
---------------+---------+---------+---------+---------+
               | Src:Rise| Src:Fall| Src:Rise| Src:Fall|
Source Clock   |Dest:Rise|Dest:Rise|Dest:Fall|Dest:Fall|
---------------+---------+---------+---------+---------+
Cin            |         |         |    3.072|    3.072|
E              |         |         |    0.063|    0.063|
PA<0>          |         |         |    3.244|    3.244|
PA<1>          |         |         |    2.421|    2.421|
PA<2>          |         |         |    1.860|    1.860|
PA<3>          |         |         |    0.669|    0.669|
PB<0>          |         |         |    2.958|    2.958|
PB<1>          |         |         |    2.984|    2.984|
PB<2>          |         |         |    1.934|    1.934|
PB<3>          |         |         |    0.821|    0.821|
SL<0>          |         |         |    3.618|    3.618|
SL<1>          |         |         |    3.472|    3.472|
---------------+---------+---------+---------+---------+

Clock to Setup on destination clock PB<0>
---------------+---------+---------+---------+---------+
               | Src:Rise| Src:Fall| Src:Rise| Src:Fall|
Source Clock   |Dest:Rise|Dest:Rise|Dest:Fall|Dest:Fall|
---------------+---------+---------+---------+---------+
Cin            |         |         |    2.536|    2.536|
E              |         |         |   -0.473|   -0.473|
PA<0>          |         |         |    2.708|    2.708|
PA<1>          |         |         |    1.885|    1.885|
PA<2>          |         |         |    1.324|    1.324|
PA<3>          |         |         |    0.133|    0.133|
PB<0>          |         |         |    2.422|    2.422|
PB<1>          |         |         |    2.448|    2.448|
PB<2>          |         |         |    1.398|    1.398|
PB<3>          |         |         |    0.285|    0.285|
SL<0>          |         |         |    3.082|    3.082|
SL<1>          |         |         |    2.936|    2.936|
---------------+---------+---------+---------+---------+

Clock to Setup on destination clock PB<1>
---------------+---------+---------+---------+---------+
               | Src:Rise| Src:Fall| Src:Rise| Src:Fall|
Source Clock   |Dest:Rise|Dest:Rise|Dest:Fall|Dest:Fall|
---------------+---------+---------+---------+---------+
Cin            |         |         |    2.734|    2.734|
E              |         |         |   -0.275|   -0.275|
PA<0>          |         |         |    2.906|    2.906|
PA<1>          |         |         |    2.083|    2.083|
PA<2>          |         |         |    1.522|    1.522|
PA<3>          |         |         |    0.331|    0.331|
PB<0>          |         |         |    2.620|    2.620|
PB<1>          |         |         |    2.646|    2.646|
PB<2>          |         |         |    1.596|    1.596|
PB<3>          |         |         |    0.483|    0.483|
SL<0>          |         |         |    3.280|    3.280|
SL<1>          |         |         |    3.134|    3.134|
---------------+---------+---------+---------+---------+

Clock to Setup on destination clock PB<2>
---------------+---------+---------+---------+---------+
               | Src:Rise| Src:Fall| Src:Rise| Src:Fall|
Source Clock   |Dest:Rise|Dest:Rise|Dest:Fall|Dest:Fall|
---------------+---------+---------+---------+---------+
Cin            |         |         |    2.877|    2.877|
E              |         |         |   -0.132|   -0.132|
PA<0>          |         |         |    3.049|    3.049|
PA<1>          |         |         |    2.226|    2.226|
PA<2>          |         |         |    1.665|    1.665|
PA<3>          |         |         |    0.474|    0.474|
PB<0>          |         |         |    2.763|    2.763|
PB<1>          |         |         |    2.789|    2.789|
PB<2>          |         |         |    1.739|    1.739|
PB<3>          |         |         |    0.626|    0.626|
SL<0>          |         |         |    3.423|    3.423|
SL<1>          |         |         |    3.277|    3.277|
---------------+---------+---------+---------+---------+

Clock to Setup on destination clock PB<3>
---------------+---------+---------+---------+---------+
               | Src:Rise| Src:Fall| Src:Rise| Src:Fall|
Source Clock   |Dest:Rise|Dest:Rise|Dest:Fall|Dest:Fall|
---------------+---------+---------+---------+---------+
Cin            |         |         |    2.951|    2.951|
E              |         |         |   -0.058|   -0.058|
PA<0>          |         |         |    3.123|    3.123|
PA<1>          |         |         |    2.300|    2.300|
PA<2>          |         |         |    1.739|    1.739|
PA<3>          |         |         |    0.548|    0.548|
PB<0>          |         |         |    2.837|    2.837|
PB<1>          |         |         |    2.863|    2.863|
PB<2>          |         |         |    1.813|    1.813|
PB<3>          |         |         |    0.700|    0.700|
SL<0>          |         |         |    3.497|    3.497|
SL<1>          |         |         |    3.351|    3.351|
---------------+---------+---------+---------+---------+

Clock to Setup on destination clock SL<0>
---------------+---------+---------+---------+---------+
               | Src:Rise| Src:Fall| Src:Rise| Src:Fall|
Source Clock   |Dest:Rise|Dest:Rise|Dest:Fall|Dest:Fall|
---------------+---------+---------+---------+---------+
Cin            |         |         |    2.591|    2.591|
E              |         |         |   -0.418|   -0.418|
PA<0>          |         |         |    2.763|    2.763|
PA<1>          |         |         |    1.940|    1.940|
PA<2>          |         |         |    1.379|    1.379|
PA<3>          |         |         |    0.188|    0.188|
PB<0>          |         |         |    2.477|    2.477|
PB<1>          |         |         |    2.503|    2.503|
PB<2>          |         |         |    1.453|    1.453|
PB<3>          |         |         |    0.340|    0.340|
SL<0>          |         |         |    3.137|    3.137|
SL<1>          |         |         |    2.991|    2.991|
---------------+---------+---------+---------+---------+

Clock to Setup on destination clock SL<1>
---------------+---------+---------+---------+---------+
               | Src:Rise| Src:Fall| Src:Rise| Src:Fall|
Source Clock   |Dest:Rise|Dest:Rise|Dest:Fall|Dest:Fall|
---------------+---------+---------+---------+---------+
Cin            |         |         |    2.738|    2.738|
E              |         |         |   -0.271|   -0.271|
PA<0>          |         |         |    2.910|    2.910|
PA<1>          |         |         |    2.087|    2.087|
PA<2>          |         |         |    1.526|    1.526|
PA<3>          |         |         |    0.335|    0.335|
PB<0>          |         |         |    2.624|    2.624|
PB<1>          |         |         |    2.650|    2.650|
PB<2>          |         |         |    1.600|    1.600|
PB<3>          |         |         |    0.487|    0.487|
SL<0>          |         |         |    3.284|    3.284|
SL<1>          |         |         |    3.138|    3.138|
---------------+---------+---------+---------+---------+


Analysis completed Sat Apr 02 01:34:51 2016
--------------------------------------------------------------------------------

Trace Settings:
-------------------------
Trace Settings 

Peak Memory Usage: 171 MB



