AR display behavioral E:/UNAM_IngComputacion/5to_Semestre/DisenoSistemasDigitales/Laboratorio/DSD_Practica5/SumadorCompleto/Display.vhd sub00/vhpl07 1459578889
EN display NULL E:/UNAM_IngComputacion/5to_Semestre/DisenoSistemasDigitales/Laboratorio/DSD_Practica5/SumadorCompleto/Display.vhd sub00/vhpl06 1459578888
AR sumadorcompleto behavioral E:/UNAM_IngComputacion/5to_Semestre/DisenoSistemasDigitales/Laboratorio/DSD_Practica5/SumadorCompleto/SumadorCompleto.vhd sub00/vhpl03 1459566017
AR unidadaritmetica behavioral E:/UNAM_IngComputacion/5to_Semestre/DisenoSistemasDigitales/Laboratorio/DSD_Practica5/SumadorCompleto/UnidadAritmetica.vhd sub00/vhpl05 1459566019
AR deco behavioral E:/UNAM_IngComputacion/5to_Semestre/DisenoSistemasDigitales/Laboratorio/DSD_Practica5/SumadorCompleto/Deco.vhd sub00/vhpl09 1459578895
AR sumadorparalelo behavioral E:/UNAM_IngComputacion/5to_Semestre/DisenoSistemasDigitales/Laboratorio/DSD_Practica5/SumadorCompleto/SumadorParalelo.vhd sub00/vhpl01 1459566015
EN sumadorcompleto NULL E:/UNAM_IngComputacion/5to_Semestre/DisenoSistemasDigitales/Laboratorio/DSD_Practica5/SumadorCompleto/SumadorCompleto.vhd sub00/vhpl02 1459566016
EN sumadorparalelo NULL E:/UNAM_IngComputacion/5to_Semestre/DisenoSistemasDigitales/Laboratorio/DSD_Practica5/SumadorCompleto/SumadorParalelo.vhd sub00/vhpl00 1459566014
EN unidadaritmetica NULL E:/UNAM_IngComputacion/5to_Semestre/DisenoSistemasDigitales/Laboratorio/DSD_Practica5/SumadorCompleto/UnidadAritmetica.vhd sub00/vhpl04 1459566018
EN deco NULL E:/UNAM_IngComputacion/5to_Semestre/DisenoSistemasDigitales/Laboratorio/DSD_Practica5/SumadorCompleto/Deco.vhd sub00/vhpl08 1459578894
